layer at (0,0) size 800x600
  LayoutView at (0,0) size 800x600
layer at (0,0) size 800x186
  LayoutBlockFlow {HTML} at (0,0) size 800x186
    LayoutBlockFlow {BODY} at (8,16) size 784x157
      LayoutBlockFlow {P} at (0,0) size 784x19
        LayoutText {#text} at (0,1) size 691x17
          text run at (0,1) width 691: "This tests horizontal caret movement in vertical writing mode. \"\x{3042}\x{308B}\x{3002}\" and \"\x{540D}\x{524D}\x{306F}\x{307E}\x{3060}\" must be selected."
      LayoutBlockFlow {DIV} at (0,35) size 68x122
        LayoutBlockFlow {P} at (16,0) size 36x122
          LayoutText {#text} at (0,0) size 35x121
            text run at (0,0) width 121: "\x{543E}\x{8F29}\x{306F}\x{732B}\x{3067}\x{3042}\x{308B}\x{3002}"
            text run at (18,0) width 119: "\x{540D}\x{524D}\x{306F}\x{307E}\x{3060}\x{7121}\x{3044}\x{3002}"
      LayoutBlockFlow {PRE} at (0,170) size 784x0
selection start: position 5 of child 0 {#text} of child 1 {P} of child 3 {DIV} of body
selection end:   position 13 of child 0 {#text} of child 1 {P} of child 3 {DIV} of body
