layer at (0,0) size 800x600
  LayoutView at (0,0) size 800x600
layer at (0,0) size 800x286
  LayoutBlockFlow {HTML} at (0,0) size 800x285.69
    LayoutBlockFlow {BODY} at (8,16) size 784x256.69
      LayoutBlockFlow {P} at (0,0) size 784x26
        LayoutText {#text} at (0,4) size 702x17
          text run at (0,4) width 702: "This tests horizontal caret movement in vertical writing mode. \"\x{306F}\x{732B}\x{3067}\x{3042}\x{308B}\x{3002}\" and \"\x{540D}\x{524D}\" must be selected."
      LayoutBlockFlow {DIV} at (0,42) size 100x214.69
        LayoutBlockFlow {P} at (16,0) size 26x214.69
          LayoutText {#text} at (4,0) size 17x128
            text run at (4,0) width 128: "\x{543E}\x{8F29}\x{306F}\x{732B}\x{3067}\x{3042}\x{308B}\x{3002}"
        LayoutBlockFlow {P} at (58,0) size 26x214.69
          LayoutText {#text} at (4,0) size 17x128
            text run at (4,0) width 128: "\x{540D}\x{524D}\x{306F}\x{307E}\x{3060}\x{7121}\x{3044}\x{3002}"
      LayoutBlockFlow {PRE} at (0,269.69) size 784x0
selection start: position 2 of child 0 {#text} of child 1 {P} of child 3 {DIV} of body
selection end:   position 2 of child 0 {#text} of child 3 {P} of child 3 {DIV} of body
