layer at (0,0) size 800x600
  LayoutView at (0,0) size 800x600
layer at (0,0) size 800x600
  LayoutBlockFlow {HTML} at (0,0) size 800x600
    LayoutBlockFlow {BODY} at (8,8) size 784x584
      LayoutText {#text} at (0,0) size 474x18
        text run at (0,0) width 474: "This tests that empty select controls and buttons have the correct baseline."
      LayoutBR {BR} at (473,14) size 1x0
      LayoutMenuList {SELECT} at (0,20) size 36x18 [bgcolor=#F8F8F8]
        LayoutBlockFlow (anonymous) at (0,0) size 36x18
          LayoutText (anonymous) at (8,2) size 4x13
            text run at (8,2) width 4: " "
      LayoutText {#text} at (36,19) size 31x18
        text run at (36,19) width 31: " test "
      LayoutMenuList {SELECT} at (66.22,20) size 50x18 [bgcolor=#F8F8F8]
        LayoutBlockFlow (anonymous) at (0,0) size 50x18
          LayoutText (anonymous) at (8,2) size 19x13
            text run at (8,2) width 19: "test"
      LayoutText {#text} at (116,19) size 5x18
        text run at (116,19) width 5: " "
      LayoutMenuList {SELECT} at (120.22,20) size 36x18 [color=#00008B] [bgcolor=#ADD8E6] [border: (1px solid #A6A6A6)]
        LayoutBlockFlow (anonymous) at (1,1) size 34x16
          LayoutText (anonymous) at (8,1) size 4x13
            text run at (8,1) width 4: " "
      LayoutText {#text} at (156,19) size 31x18
        text run at (156,19) width 31: " test "
      LayoutMenuList {SELECT} at (186.44,20) size 50x18 [color=#00008B] [bgcolor=#ADD8E6] [border: (1px solid #A6A6A6)]
        LayoutBlockFlow (anonymous) at (1,1) size 48x16
          LayoutText (anonymous) at (8,1) size 19x13
            text run at (8,1) width 19: "test"
      LayoutText {#text} at (236,19) size 5x18
        text run at (236,19) width 5: " "
      LayoutButton {BUTTON} at (240.44,21) size 16x15 [bgcolor=#C0C0C0] [border: none (2px outset #C0C0C0) none (2px outset #C0C0C0)]
      LayoutText {#text} at (256,19) size 5x18
        text run at (256,19) width 5: " "
      LayoutButton {BUTTON} at (260.44,20) size 34.64x18 [bgcolor=#C0C0C0] [border: none (2px outset #C0C0C0) none (2px outset #C0C0C0)]
        LayoutBlockFlow (anonymous) at (8,2) size 18.64x13
          LayoutText {#text} at (0,0) size 19x13
            text run at (0,0) width 19: "test"
      LayoutText {#text} at (295,19) size 5x18
        text run at (295,19) width 5: " "
      LayoutButton {BUTTON} at (299.08,29) size 16x9 [color=#00008B] [bgcolor=#ADD8E6] [border: (2px outset #C0C0C0)]
      LayoutText {#text} at (315,19) size 5x18
        text run at (315,19) width 5: " "
      LayoutButton {BUTTON} at (319.08,18) size 34.64x22 [color=#00008B] [bgcolor=#ADD8E6] [border: (2px outset #C0C0C0)]
        LayoutBlockFlow (anonymous) at (8,4) size 18.64x13
          LayoutText {#text} at (0,0) size 19x13
            text run at (0,0) width 19: "test"
      LayoutText {#text} at (0,0) size 0x0
